
============================================================
LUXTENSOR CLIENT REFACTORING TEST SUITE
============================================================
============================================================
TEST 1: Import Verification
============================================================
python : Traceback (most recent call last):
At line:1 char:1
+ python -u test_client_refactoring.py 2>&1 | 
Tee-Object -FilePath test ...
+ ~~~~~~~~~~~~~~~~~~~~~~~~~~~~~~~~~~~~~~~~~
    + CategoryInfo          : NotSpecified: (Tr 
   aceback (most recent call last)::String) []  
  , RemoteException
    + FullyQualifiedErrorId : NativeCommandErro 
   r
 
  File "D:\venera\cardano\moderntensor\modernten
sor\test_client_refactoring.py", line 252, in 
main
    result = test()
  File "D:\venera\cardano\moderntensor\modernten
sor\test_client_refactoring.py", line 35, in 
test_imports
    print("\u2705 All imports successful")
    ~~~~~^^^^^^^^^^^^^^^^^^^^^^^^^^^^^
  File "C:\Users\Admin\anaconda3\Lib\encodings\c
p1252.py", line 19, in encode
    return codecs.charmap_encode(input,self.erro
rs,encoding_table)[0]
           ~~~~~~~~~~~~~~~~~~~~~^^^^^^^^^^^^^^^^
^^^^^^^^^^^^^^^^^^
UnicodeEncodeError: 'charmap' codec can't 
encode character '\u2705' in position 0: 
character maps to <undefined>

During handling of the above exception, another 
exception occurred:

Traceback (most recent call last):
  File "D:\venera\cardano\moderntensor\modernten
sor\test_client_refactoring.py", line 278, in 
<module>
    sys.exit(main())
             ~~~~^^
  File "D:\venera\cardano\moderntensor\modernten
sor\test_client_refactoring.py", line 255, in 
main
    print(f"\n\u274c Test crashed: {e}")
    ~~~~~^^^^^^^^^^^^^^^^^^^^^^^^^^^
  File "C:\Users\Admin\anaconda3\Lib\encodings\c
p1252.py", line 19, in encode
    return codecs.charmap_encode(input,self.erro
rs,encoding_table)[0]
           ~~~~~~~~~~~~~~~~~~~~~^^^^^^^^^^^^^^^^
^^^^^^^^^^^^^^^^^^
UnicodeEncodeError: 'charmap' codec can't 
encode character '\u274c' in position 2: 
character maps to <undefined>
